
  .   ____          _            __ _ _
 /\\ / ___'_ __ _ _(_)_ __  __ _ \ \ \ \
( ( )\___ | '_ | '_| | '_ \/ _` | \ \ \ \
 \\/  ___)| |_)| | | | | || (_| |  ) ) ) )
  '  |____| .__|_| |_|_| |_\__, | / / / /
 =========|_|==============|___/=/_/_/_/

 :: Spring Boot ::                (v4.1.0)

2026-08-03T17:40:12.494+08:00  INFO 7292 --- [park-energy-platform] [           main] c.p.ParkEnergyPlatformApplication        : Starting ParkEnergyPlatformApplication v0.0.1-SNAPSHOT using Java 26.0.1 with PID 7292 (D:\Code\EC-EnergySys\park-energy-platform\target\park-energy-platform-0.0.1-SNAPSHOT.jar started by uesaka in D:\Code\EC-EnergySys\park-energy-platform)
2026-08-03T17:40:12.497+08:00  INFO 7292 --- [park-energy-platform] [           main] c.p.ParkEnergyPlatformApplication        : No active profile set, falling back to 1 default profile: "default"
2026-08-03T17:40:13.405+08:00  INFO 7292 --- [park-energy-platform] [           main] o.s.boot.tomcat.TomcatWebServer          : Tomcat initialized with port 8103 (http)
2026-08-03T17:40:13.416+08:00  INFO 7292 --- [park-energy-platform] [           main] o.apache.catalina.core.StandardService   : Starting service [Tomcat]
2026-08-03T17:40:13.417+08:00  INFO 7292 --- [park-energy-platform] [           main] o.apache.catalina.core.StandardEngine    : Starting Servlet engine: [Apache Tomcat/11.0.22]
2026-08-03T17:40:13.434+08:00  INFO 7292 --- [park-energy-platform] [           main] b.w.c.s.WebApplicationContextInitializer : Root WebApplicationContext: initialization completed in 891 ms
 _ _   |_  _ _|_. ___ _ |    _ 
| | |\/|_)(_| | |_\  |_)||_|_\ 
     /               |         
                        null 
____ ____    ___ ____ _  _ ____ _  _ 
[__  |__| __  |  |  | |_/  |___ |\ | 
___] |  |     |  |__| | \_ |___ | \| 
https://sa-token.cc (v1.45.0)
2026-08-03T17:40:14.623+08:00  INFO 7292 --- [park-energy-platform] [           main] b.m.s.MybatisPlusApplicationContextAware : Register ApplicationContext instances org.springframework.boot.web.server.servlet.context.AnnotationConfigServletWebServerApplicationContext@57abad67
2026-08-03T17:40:14.690+08:00  INFO 7292 --- [park-energy-platform] [           main] o.s.boot.tomcat.TomcatWebServer          : Tomcat started on port 8103 (http) with context path '/'
2026-08-03T17:40:14.697+08:00  INFO 7292 --- [park-energy-platform] [           main] c.p.ParkEnergyPlatformApplication        : Started ParkEnergyPlatformApplication in 2.538 seconds (process running for 2.86)
2026-08-03T17:41:00.860+08:00  INFO 7292 --- [park-energy-platform] [nio-8103-exec-1] o.a.c.c.C.[Tomcat].[localhost].[/]       : Initializing Spring DispatcherServlet 'dispatcherServlet'
2026-08-03T17:41:00.860+08:00  INFO 7292 --- [park-energy-platform] [nio-8103-exec-1] o.s.web.servlet.DispatcherServlet        : Initializing Servlet 'dispatcherServlet'
2026-08-03T17:41:00.861+08:00  INFO 7292 --- [park-energy-platform] [nio-8103-exec-1] o.s.web.servlet.DispatcherServlet        : Completed initialization in 1 ms
2026-08-03T17:41:00.989+08:00  INFO 7292 --- [park-energy-platform] [nio-8103-exec-1] com.zaxxer.hikari.HikariDataSource       : HikariPool-1 - Starting...
2026-08-03T17:41:01.094+08:00  INFO 7292 --- [park-energy-platform] [nio-8103-exec-1] com.zaxxer.hikari.pool.HikariPool        : HikariPool-1 - Added connection com.mysql.cj.jdbc.ConnectionImpl@2e8cd48b
2026-08-03T17:41:01.096+08:00  INFO 7292 --- [park-energy-platform] [nio-8103-exec-1] com.zaxxer.hikari.HikariDataSource       : HikariPool-1 - Start completed.
