[INFO] Scanning for projects...
[INFO] 
[INFO] ----------------------< com:park-energy-platform >----------------------
[INFO] Building park-energy-platform 0.0.1-SNAPSHOT
[INFO]   from pom.xml
[INFO] --------------------------------[ jar ]---------------------------------
[INFO] 
[INFO] >>> spring-boot:4.1.0:run (default-cli) > test-compile @ park-energy-platform >>>
[INFO] 
[INFO] --- resources:3.5.0:resources (default-resources) @ park-energy-platform ---
[INFO] Copying 1 resource from src\main\resources to target\classes
[INFO] Copying 1 resource from src\main\resources to target\classes
[INFO] 
[INFO] --- compiler:3.15.0:compile (default-compile) @ park-energy-platform ---
[INFO] Nothing to compile - all classes are up to date.
[INFO] 
[INFO] --- resources:3.5.0:testResources (default-testResources) @ park-energy-platform ---
[INFO] skip non existing resourceDirectory D:\Code\EC-EnergySys\park-energy-platform\src\test\resources
[INFO] 
[INFO] --- compiler:3.15.0:testCompile (default-testCompile) @ park-energy-platform ---
[INFO] Nothing to compile - all classes are up to date.
[INFO] 
[INFO] <<< spring-boot:4.1.0:run (default-cli) < test-compile @ park-energy-platform <<<
[INFO] 
[INFO] 
[INFO] --- spring-boot:4.1.0:run (default-cli) @ park-energy-platform ---
[INFO] Attaching agents: []

  .   ____          _            __ _ _
 /\\ / ___'_ __ _ _(_)_ __  __ _ \ \ \ \
( ( )\___ | '_ | '_| | '_ \/ _` | \ \ \ \
 \\/  ___)| |_)| | | | | || (_| |  ) ) ) )
  '  |____| .__|_| |_|_| |_\__, | / / / /
 =========|_|==============|___/=/_/_/_/

 :: Spring Boot ::                (v4.1.0)

2026-07-19T11:25:45.974+08:00  INFO 67032 --- [park-energy-platform] [           main] c.p.ParkEnergyPlatformApplication        : Starting ParkEnergyPlatformApplication using Java 26.0.1 with PID 67032 (D:\Code\EC-EnergySys\park-energy-platform\target\classes started by uesaka in D:\Code\EC-EnergySys\park-energy-platform)
2026-07-19T11:25:45.977+08:00  INFO 67032 --- [park-energy-platform] [           main] c.p.ParkEnergyPlatformApplication        : No active profile set, falling back to 1 default profile: "default"
2026-07-19T11:25:46.685+08:00  INFO 67032 --- [park-energy-platform] [           main] o.s.boot.tomcat.TomcatWebServer          : Tomcat initialized with port 8103 (http)
2026-07-19T11:25:46.696+08:00  INFO 67032 --- [park-energy-platform] [           main] o.apache.catalina.core.StandardService   : Starting service [Tomcat]
2026-07-19T11:25:46.697+08:00  INFO 67032 --- [park-energy-platform] [           main] o.apache.catalina.core.StandardEngine    : Starting Servlet engine: [Apache Tomcat/11.0.22]
2026-07-19T11:25:46.731+08:00  INFO 67032 --- [park-energy-platform] [           main] b.w.c.s.WebApplicationContextInitializer : Root WebApplicationContext: initialization completed in 725 ms
 _ _   |_  _ _|_. ___ _ |    _ 
| | |\/|_)(_| | |_\  |_)||_|_\ 
     /               |         
                        null 
____ ____    ___ ____ _  _ ____ _  _ 
[__  |__| __  |  |  | |_/  |___ |\ | 
___] |  |     |  |__| | \_ |___ | \| 
https://sa-token.cc (v1.45.0)
2026-07-19T11:25:47.549+08:00  INFO 67032 --- [park-energy-platform] [           main] b.m.s.MybatisPlusApplicationContextAware : Register ApplicationContext instances org.springframework.boot.web.server.servlet.context.AnnotationConfigServletWebServerApplicationContext@24111ef1
2026-07-19T11:25:47.589+08:00  WARN 67032 --- [park-energy-platform] [           main] ConfigServletWebServerApplicationContext : Exception encountered during context initialization - cancelling refresh attempt: org.springframework.context.ApplicationContextException: Failed to start bean 'webServerStartStop'
2026-07-19T11:25:47.598+08:00  INFO 67032 --- [park-energy-platform] [           main] .s.b.a.l.ConditionEvaluationReportLogger : 

Error starting ApplicationContext. To display the condition evaluation report re-run your application with 'debug' enabled.
2026-07-19T11:25:47.605+08:00 ERROR 67032 --- [park-energy-platform] [           main] o.s.b.d.LoggingFailureAnalysisReporter   : 

***************************
APPLICATION FAILED TO START
***************************

Description:

Web server failed to start. Port 8103 was already in use.

Action:

Identify and stop the process that's listening on port 8103 or configure this application to listen on another port.

[INFO] ------------------------------------------------------------------------
[INFO] BUILD FAILURE
[INFO] ------------------------------------------------------------------------
[INFO] Total time:  4.018 s
[INFO] Finished at: 2026-07-19T11:25:47+08:00
[INFO] ------------------------------------------------------------------------
[ERROR] Failed to execute goal org.springframework.boot:spring-boot-maven-plugin:4.1.0:run (default-cli) on project park-energy-platform: Process terminated with exit code: 1 -> [Help 1]
[ERROR] 
[ERROR] To see the full stack trace of the errors, re-run Maven with the -e switch.
[ERROR] Re-run Maven using the -X switch to enable full debug logging.
[ERROR] 
[ERROR] For more information about the errors and possible solutions, please read the following articles:
[ERROR] [Help 1] http://cwiki.apache.org/confluence/display/MAVEN/MojoExecutionException
